// Jest Snapshot v1, https://goo.gl/fbAQLP

exports[`Button test take a snapshot 1`] = `
<DocumentFragment>
  <button
    class="custom-button"
  />
</DocumentFragment>
`;
