// Jest Snapshot v1, https://goo.gl/fbAQLP

exports[`Menu Test take a snapshot 1`] = `
<DocumentFragment>
  <ul
    class="menu-container"
    data-testid="menu-container"
  >
    <li
      class="menu-item"
    >
      <a
        class="menu-link"
        href="/sign-in"
      >
        Sign in
      </a>
    </li>
    <li
      class="menu-item"
    >
      <a
        class="menu-link"
        href="/sign-up"
      >
        Sign up
      </a>
    </li>
  </ul>
</DocumentFragment>
`;
